[ 2025-11-11 23:10:36,704 ] 244 RAGChatbot - INFO - Loading vector store from data/faiss_index.bin...
[ 2025-11-11 23:10:36,706 ] 219 sentence_transformers.SentenceTransformer - INFO - Use pytorch device_name: cpu
[ 2025-11-11 23:10:36,706 ] 227 sentence_transformers.SentenceTransformer - INFO - Load pretrained SentenceTransformer: sentence-transformers/all-MiniLM-L6-v2
[ 2025-11-11 23:10:41,891 ] 256 RAGChatbot - WARNING - Index file not found at data/faiss_index.bin. Please run build_embeddings.py first to create the index.
[ 2025-11-11 23:10:41,891 ] 265 RAGChatbot - INFO - Initializing RAG chatbot with model: llama3.2:1b
[ 2025-11-11 23:10:41,891 ] 275 RAGChatbot - INFO - Creating Gradio interface...
[ 2025-11-11 23:10:42,013 ] 278 RAGChatbot - INFO - Launching Gradio server on 127.0.0.1:8080
[ 2025-11-11 23:10:42,830 ] 1025 httpx - INFO - HTTP Request: GET http://127.0.0.1:8080/gradio_api/startup-events "HTTP/1.1 200 OK"
[ 2025-11-11 23:10:43,021 ] 1025 httpx - INFO - HTTP Request: HEAD http://127.0.0.1:8080/ "HTTP/1.1 200 OK"
[ 2025-11-11 23:10:43,179 ] 1025 httpx - INFO - HTTP Request: GET https://api.gradio.app/pkg-version "HTTP/1.1 200 OK"
[ 2025-11-11 23:11:16,448 ] 77 RAGChatbot - INFO - Retrieving context for query: From which university tazim pursuing his bachelor'...
[ 2025-11-11 23:11:16,449 ] 89 RAGChatbot - WARNING - No documents retrieved for query
[ 2025-11-11 23:11:16,449 ] 98 RAGChatbot - INFO - Generating response with LLM...
[ 2025-11-11 23:11:23,503 ] 54 RAGChatbot - WARNING - [OllamaClient] Attempt 1/3 failed: Extra data: line 2 column 1 (char 96)
[ 2025-11-11 23:11:27,945 ] 54 RAGChatbot - WARNING - [OllamaClient] Attempt 2/3 failed: Extra data: line 2 column 1 (char 94)
[ 2025-11-11 23:11:33,083 ] 54 RAGChatbot - WARNING - [OllamaClient] Attempt 3/3 failed: Extra data: line 2 column 1 (char 96)
[ 2025-11-11 23:11:34,584 ] 58 RAGChatbot - ERROR - [OllamaClient] Request failed after retries: Extra data: line 2 column 1 (char 96)
[ 2025-11-11 23:11:34,584 ] 113 RAGChatbot - ERROR - Error in chat: Extra data: line 2 column 1 (char 96)
Traceback (most recent call last):
  File "G:\Ongoing Project\RAG based Chatbot\venv\Lib\site-packages\requests\models.py", line 965, in json
    return complexjson.loads(self.content.decode(encoding), **kwargs)
           ^^^^^^^^^^^^^^^^^^^^^^^^^^^^^^^^^^^^^^^^^^^^^^^^^^^^^^^^^^
  File "C:\Users\TAZIM\AppData\Local\Programs\Python\Python311\Lib\json\__init__.py", line 346, in loads
    return _default_decoder.decode(s)
           ^^^^^^^^^^^^^^^^^^^^^^^^^^
  File "C:\Users\TAZIM\AppData\Local\Programs\Python\Python311\Lib\json\decoder.py", line 340, in decode
    raise JSONDecodeError("Extra data", s, end)
json.decoder.JSONDecodeError: Extra data: line 2 column 1 (char 96)

During handling of the above exception, another exception occurred:

Traceback (most recent call last):
  File "G:\Ongoing Project\RAG based Chatbot\scripts\run_app.py", line 99, in chat
    response = self.llm_client.generate(
               ^^^^^^^^^^^^^^^^^^^^^^^^^
  File "G:\Ongoing Project\RAG based Chatbot\src\llm\ollama_client.py", line 89, in generate
    data = self._post("/api/generate", payload)
           ^^^^^^^^^^^^^^^^^^^^^^^^^^^^^^^^^^^^
  File "G:\Ongoing Project\RAG based Chatbot\src\llm\ollama_client.py", line 59, in _post
    raise last_error
  File "G:\Ongoing Project\RAG based Chatbot\src\llm\ollama_client.py", line 51, in _post
    return resp.json()
           ^^^^^^^^^^^
  File "G:\Ongoing Project\RAG based Chatbot\venv\Lib\site-packages\requests\models.py", line 973, in json
    raise RequestsJSONDecodeError(e.msg, e.doc, e.pos)
requests.exceptions.JSONDecodeError: Extra data: line 2 column 1 (char 96)
